11:48:41 **** Incremental Build of configuration Debug for project robot_chat_code ****
make -j12 all 
arm-none-eabi-gcc "../Prod/Src/imu.c" -mcpu=cortex-m0plus -std=gnu11 -g3 -DDEBUG -DUSE_HAL_DRIVER -DSTM32G070xx -c -I../Core/Inc -IC:/Users/louis/STM32Cube/Repository/STM32Cube_FW_G0_V1.6.1/Drivers/STM32G0xx_HAL_Driver/Inc -IC:/Users/louis/STM32Cube/Repository/STM32Cube_FW_G0_V1.6.1/Drivers/STM32G0xx_HAL_Driver/Inc/Legacy -IC:/Users/louis/STM32Cube/Repository/STM32Cube_FW_G0_V1.6.1/Drivers/CMSIS/Device/ST/STM32G0xx/Include -IC:/Users/louis/STM32Cube/Repository/STM32Cube_FW_G0_V1.6.1/Drivers/CMSIS/Include -IC:/Users/pl/STM32Cube/Repository/STM32Cube_FW_G0_V1.6.1/Drivers/STM32G0xx_HAL_Driver/Inc -IC:/Users/pl/STM32Cube/Repository/STM32Cube_FW_G0_V1.6.1/Drivers/STM32G0xx_HAL_Driver/Inc/Legacy -IC:/Users/pl/STM32Cube/Repository/STM32Cube_FW_G0_V1.6.1/Drivers/CMSIS/Device/ST/STM32G0xx/Include -IC:/Users/pl/STM32Cube/Repository/STM32Cube_FW_G0_V1.6.1/Drivers/CMSIS/Include -IC:/Users/mimib/STM32Cube/Repository/STM32Cube_FW_G0_V1.6.1/Drivers/STM32G0xx_HAL_Driver/Inc -IC:/Users/mimib/STM32Cube/Repository/STM32Cube_FW_G0_V1.6.1/Drivers/STM32G0xx_HAL_Driver/Inc/Legacy -IC:/Users/mimib/STM32Cube/Repository/STM32Cube_FW_G0_V1.6.1/Drivers/CMSIS/Device/ST/STM32G0xx/Include -IC:/Users/mimib/STM32Cube/Repository/STM32Cube_FW_G0_V1.6.1/Drivers/CMSIS/Include -IC:/Users/teoma/STM32Cube/Repository/STM32Cube_FW_G0_V1.6.1/Drivers/STM32G0xx_HAL_Driver/Inc -IC:/Users/teoma/STM32Cube/Repository/STM32Cube_FW_G0_V1.6.1/Drivers/STM32G0xx_HAL_Driver/Inc/Legacy -IC:/Users/teoma/STM32Cube/Repository/STM32Cube_FW_G0_V1.6.1/Drivers/CMSIS/Device/ST/STM32G0xx/Include -IC:/Users/teoma/STM32Cube/Repository/STM32Cube_FW_G0_V1.6.1/Drivers/CMSIS/Include -IC:/Users/pl/STM32Cube/Repository/STM32Cube_FW_G0_V1.6.1/Middlewares/Third_Party/FreeRTOS/Source/include -IC:/Users/pl/STM32Cube/Repository/STM32Cube_FW_G0_V1.6.1/Middlewares/Third_Party/FreeRTOS/Source/CMSIS_RTOS -IC:/Users/pl/STM32Cube/Repository/STM32Cube_FW_G0_V1.6.1/Middlewares/Third_Party/FreeRTOS/Source/portable/GCC/ARM_CM0 -IC:/Users/les_victor/STM32Cube/Repository/STM32Cube_FW_G0_V1.6.1/Drivers/STM32G0xx_HAL_Driver/Inc -IC:/Users/les_victor/STM32Cube/Repository/STM32Cube_FW_G0_V1.6.1/Drivers/STM32G0xx_HAL_Driver/Inc/Legacy -IC:/Users/les_victor/STM32Cube/Repository/STM32Cube_FW_G0_V1.6.1/Middlewares/Third_Party/FreeRTOS/Source/include -IC:/Users/les_victor/STM32Cube/Repository/STM32Cube_FW_G0_V1.6.1/Middlewares/Third_Party/FreeRTOS/Source/CMSIS_RTOS -IC:/Users/les_victor/STM32Cube/Repository/STM32Cube_FW_G0_V1.6.1/Middlewares/Third_Party/FreeRTOS/Source/portable/GCC/ARM_CM0 -IC:/Users/les_victor/STM32Cube/Repository/STM32Cube_FW_G0_V1.6.1/Drivers/CMSIS/Device/ST/STM32G0xx/Include -IC:/Users/les_victor/STM32Cube/Repository/STM32Cube_FW_G0_V1.6.1/Drivers/CMSIS/Include -I"C:/Users/les_victor/Documents/Vrais_docs/ENSEA/Cours 3A/ESE2024/robot_chat_code/Prod/Inc" -O0 -ffunction-sections -fdata-sections -Wall -fstack-usage -fcyclomatic-complexity -MMD -MP -MF"Prod/Src/imu.d" -MT"Prod/Src/imu.o" --specs=nano.specs -mfloat-abi=soft -mthumb -o "Prod/Src/imu.o"
arm-none-eabi-gcc -o "robot_chat_code.elf" @"objects.list"   -mcpu=cortex-m0plus -T"C:\Users\les_victor\Documents\Vrais_docs\ENSEA\Cours 3A\ESE2024\robot_chat_code\STM32G070RBTX_FLASH.ld" --specs=nosys.specs -Wl,-Map="robot_chat_code.map" -Wl,--gc-sections -static --specs=nano.specs -mfloat-abi=soft -mthumb -Wl,--start-group -lc -lm -Wl,--end-group
Finished building target: robot_chat_code.elf
 
arm-none-eabi-size   robot_chat_code.elf 
arm-none-eabi-objdump -h -S  robot_chat_code.elf  > "robot_chat_code.list"
   text	   data	    bss	    dec	    hex	filename
  34728	    120	  18456	  53304	   d038	robot_chat_code.elf
Finished building: default.size.stdout
 
Finished building: robot_chat_code.list
 
11:48:48 **** Incremental Build of configuration Debug for project robot_chat_code ****
make -j12 all 
arm-none-eabi-size   robot_chat_code.elf 
   text	   data	    bss	    dec	    hex	filename
  34728	    120	  18456	  53304	   d038	robot_chat_code.elf
Finished building: default.size.stdout
 
