09:23:37 **** Incremental Build of configuration Debug for project strat_dev ****
make -j12 all 
arm-none-eabi-gcc "../Prod/Src/strategy.c" -mcpu=cortex-m4 -std=gnu11 -g3 -DDEBUG -DUSE_HAL_DRIVER -DSTM32F410Rx -c -I../Core/Inc -I../Drivers/STM32F4xx_HAL_Driver/Inc -I../Drivers/STM32F4xx_HAL_Driver/Inc/Legacy -I../Drivers/CMSIS/Device/ST/STM32F4xx/Include -I../Drivers/CMSIS/Include -I../Middlewares/Third_Party/FreeRTOS/Source/include -I../Middlewares/Third_Party/FreeRTOS/Source/CMSIS_RTOS -I../Middlewares/Third_Party/FreeRTOS/Source/portable/GCC/ARM_CM4F -I"C:/Users/les_victor/Documents/Vrais_docs/ENSEA/Cours 3A/ESE2024/strat_dev/Prod" -I"C:/Users/les_victor/Documents/Vrais_docs/ENSEA/Cours 3A/ESE2024/strat_dev/Prod/Inc" -O0 -ffunction-sections -fdata-sections -Wall -fstack-usage -fcyclomatic-complexity -MMD -MP -MF"Prod/Src/strategy.d" -MT"Prod/Src/strategy.o" --specs=nano.specs -mfpu=fpv4-sp-d16 -mfloat-abi=hard -mthumb -o "Prod/Src/strategy.o"
../Prod/Src/strategy.c: In function 'strategy':
../Prod/Src/strategy.c:56:25: warning: implicit declaration of function 'printf' [-Wimplicit-function-declaration]
   56 |                         printf("Comportement obstacle \n\r");
      |                         ^~~~~~
../Prod/Src/strategy.c:4:1: note: include '<stdio.h>' or provide a declaration of 'printf'
    3 | #include "config.h"
  +++ |+#include <stdio.h>
    4 | 
../Prod/Src/strategy.c:56:25: warning: incompatible implicit declaration of built-in function 'printf' [-Wbuiltin-declaration-mismatch]
   56 |                         printf("Comportement obstacle \n\r");
      |                         ^~~~~~
../Prod/Src/strategy.c:56:25: note: include '<stdio.h>' or provide a declaration of 'printf'
../Prod/Src/strategy.c:87:25: warning: incompatible implicit declaration of built-in function 'printf' [-Wbuiltin-declaration-mismatch]
   87 |                         printf("Comportement fuite \n\r");
      |                         ^~~~~~
../Prod/Src/strategy.c:87:25: note: include '<stdio.h>' or provide a declaration of 'printf'
../Prod/Src/strategy.c:91:25: warning: incompatible implicit declaration of built-in function 'printf' [-Wbuiltin-declaration-mismatch]
   91 |                         printf("Comportement obstacle \n\r");
      |                         ^~~~~~
../Prod/Src/strategy.c:91:25: note: include '<stdio.h>' or provide a declaration of 'printf'
../Prod/Src/strategy.c:114:9: warning: incompatible implicit declaration of built-in function 'printf' [-Wbuiltin-declaration-mismatch]
  114 |         printf("x: %d, y: %d\n\r", dir_vect.x>>8, dir_vect.y>>8);
      |         ^~~~~~
../Prod/Src/strategy.c:114:9: note: include '<stdio.h>' or provide a declaration of 'printf'
../Prod/Src/strategy.c:114:21: warning: format '%d' expects argument of type 'int', but argument 2 has type 'int32_t' {aka 'long int'} [-Wformat=]
  114 |         printf("x: %d, y: %d\n\r", dir_vect.x>>8, dir_vect.y>>8);
      |                    ~^              ~~~~~~~~~~~~~
      |                     |                        |
      |                     int                      int32_t {aka long int}
      |                    %ld
../Prod/Src/strategy.c:114:28: warning: format '%d' expects argument of type 'int', but argument 3 has type 'int32_t' {aka 'long int'} [-Wformat=]
  114 |         printf("x: %d, y: %d\n\r", dir_vect.x>>8, dir_vect.y>>8);
      |                           ~^                      ~~~~~~~~~~~~~
      |                            |                                |
      |                            int                              int32_t {aka long int}
      |                           %ld
../Prod/Src/strategy.c: In function 'champ_vectoriel':
../Prod/Src/strategy.c:120:9: warning: incompatible implicit declaration of built-in function 'printf' [-Wbuiltin-declaration-mismatch]
  120 |         printf("La zone du robot est %d\n\r", zone);
      |         ^~~~~~
../Prod/Src/strategy.c:120:9: note: include '<stdio.h>' or provide a declaration of 'printf'
../Prod/Src/strategy.c: In function 'zone_circulaire':
../Prod/Src/strategy.c:312:17: warning: unused variable 'comp_y_tang' [-Wunused-variable]
  312 |         int32_t comp_y_tang = sens*fixed_div(fixed_mul(-champ_vect->vitesse_avance, Dx,8), norm,8);
      |                 ^~~~~~~~~~~
../Prod/Src/strategy.c:311:17: warning: unused variable 'comp_x_tang' [-Wunused-variable]
  311 |         int32_t comp_x_tang = sens*fixed_div(fixed_mul(champ_vect->vitesse_avance, Dy,8), norm,8);
      |                 ^~~~~~~~~~~
arm-none-eabi-gcc -o "strat_dev.elf" @"objects.list"   -mcpu=cortex-m4 -T"C:\Users\les_victor\Documents\Vrais_docs\ENSEA\Cours 3A\ESE2024\strat_dev\STM32F410RBTX_FLASH.ld" --specs=nosys.specs -Wl,-Map="strat_dev.map" -Wl,--gc-sections -static --specs=nano.specs -mfpu=fpv4-sp-d16 -mfloat-abi=hard -mthumb -Wl,--start-group -lc -lm -Wl,--end-group
Finished building target: strat_dev.elf
 
arm-none-eabi-size   strat_dev.elf 
arm-none-eabi-objdump -h -S  strat_dev.elf  > "strat_dev.list"
arm-none-eabi-objcopy  -O binary  strat_dev.elf  "strat_dev.bin"
   text	   data	    bss	    dec	    hex	filename
  22068	    184	  22984	  45236	   b0b4	strat_dev.elf
Finished building: default.size.stdout
 
Finished building: strat_dev.bin
 
Finished building: strat_dev.list
 

09:23:38 Build Finished. 0 errors, 10 warnings. (took 605ms)

